{
    "error": {
        "message_id": "API_MSG_0008",
        "message_text": "他のユーザーによってデータが更新されているため処理を中止しました。最新の情報を確認してください。"
    }
}
