{
    "row_count": 1,
    "row_list": [
        {
            "customer_id": 4,
            "customer_no": "A10005",
            "version_no": 1
        }
    ]
}
