{
    "error": {
        "message_id": "API_MSG_0002",
        "message_text": "該当するデータは存在しません。"
    }
}
