{
    "error": {
        "message_id": "API_MSG_0005",
        "message_text": "entry_dataを入力してください。"
    }
}
