{
    "row_count": 1,
    "row_list": [
        {
            "customer_id": 3,
            "customer_no": "A10001",
            "version_no": 3
        }
    ]
}
