{
    "error": {
        "message_id": "API_MSG_0016",
        "message_text": "DB異常が発生し処理が強制終了しました。しばらくしてからやり直してください。"
    }
}
